 
****************************************
Report : qor
Design : vsdbabysoc
Version: T-2022.03-SP5-1
Date   : Wed Sep 27 15:02:02 2023
****************************************


  Timing Path Group 'clk'
  -----------------------------------
  Levels of Logic:              17.00
  Critical Path Length:          1.06
  Critical Path Slack:          -0.12
  Critical Path Clk Period:      1.00
  Total Negative Slack:       -102.23
  No. of Violating Paths:     1026.00
  Worst Hold Violation:          0.00
  Total Hold Violation:          0.00
  No. of Hold Violations:        0.00
  -----------------------------------


  Cell Count
  -----------------------------------
  Hierarchical Cell Count:          1
  Hierarchical Port Count:         12
  Leaf Cell Count:               7208
  Buf/Inv Cell Count:            1147
  Buf Cell Count:                 133
  Inv Cell Count:                1014
  CT Buf/Inv Cell Count:            0
  Combinational Cell Count:      6016
  Sequential Cell Count:         1192
  Macro Count:                      0
  -----------------------------------


  Area
  -----------------------------------
  Combinational Area:    31122.348129
  Noncombinational Area: 24001.768845
  Buf/Inv Area:           4782.086282
  Total Buffer Area:           825.79
  Total Inverter Area:        3956.29
  Macro/Black Box Area:      0.000000
  Net Area:                  0.000000
  -----------------------------------
  Cell Area:             55124.116973
  Design Area:           55124.116973


  Design Rules
  -----------------------------------
  Total Number of Nets:          7215
  Nets With Violations:             0
  Max Trans Violations:             0
  Max Cap Violations:               0
  -----------------------------------


  Hostname: ssirlab03

  Compile CPU Statistics
  -----------------------------------------
  Resource Sharing:                    0.03
  Logic Optimization:                 21.24
  Mapping Optimization:               38.35
  -----------------------------------------
  Overall Compile Time:               74.10
  Overall Compile Wall Clock Time:    75.62

  --------------------------------------------------------------------

  Design  WNS: 0.12  TNS: 102.23  Number of Violating Paths: 1026


  Design (Hold)  WNS: 0.00  TNS: 0.00  Number of Violating Paths: 0

  --------------------------------------------------------------------


1
